[www.manycolouredsky.org/index.html]
[backblue.gif]
[fade.gif]
[index.html]
[www.manycolouredsky.org/cart.html]
[www.manycolouredsky.org/search.html]
[www.manycolouredsky.org/take-action.html]
[www.manycolouredsky.org/shop.html]
[www.manycolouredsky.org/about.html]
[www.manycolouredsky.org/what-we-do.html]
[www.manycolouredsky.org/resources.html]
[www.manycolouredsky.org/contact.html]
[www.manycolouredsky.org/rainbow-to-refuge-for-queer-asylum-seekers-and-refugees.html]
[www.manycolouredsky.org/qraspaustralia.html]
[www.manycolouredsky.org/indonesia.html]
[www.manycolouredsky.org/building-queer-capacity-papua-new-guinea.html]
[www.manycolouredsky.org/promise-of-hope.html]
[www.manycolouredsky.org/lgbtqi-international-student-support-australia.html]
[www.manycolouredsky.org/consultancy.html]
[www.manycolouredsky.org/australia.html]
[www.manycolouredsky.org/facing-out.html]
[www.manycolouredsky.org/lgbtiq-community-impact-report.html]
[www.manycolouredsky.org/watr-overview.16.delayed]
[www.manycolouredsky.org/index.html]
[www.manycolouredsky.org/assets/ui-icons.svg]
[www.manycolouredsky.org/cart.html]
[www.manycolouredsky.org/search.html]
[www.manycolouredsky.org/take-action.html]
[www.manycolouredsky.org/shop/black-rainbow-to-refuge-t-shirt.html]
[www.manycolouredsky.org/shop.html]
[www.manycolouredsky.org/about.html]
[www.manycolouredsky.org/what-we-do.html]
[www.manycolouredsky.org/resources.html]
[www.manycolouredsky.org/contact.html]
[www.manycolouredsky.org/shop/black-rainbow-to-refuge-t-shirt-epmrw.html]
[www.manycolouredsky.org/ugandan.35.delayed]
[www.manycolouredsky.org/kenya.36.delayed]
[www.manycolouredsky.org/rainbow-to-refuge-for-queer-asylum-seekers-and-refugees.html]
[www.manycolouredsky.org/qraspaustralia.html]
[www.manycolouredsky.org/indonesia.html]
[www.manycolouredsky.org/building-queer-capacity-papua-new-guinea.html]
[www.manycolouredsky.org/promise-of-hope.html]
[www.manycolouredsky.org/lgbtqi-international-student-support-australia.html]
[www.manycolouredsky.org/consultancy.html]
[www.manycolouredsky.org/australia.html]
[www.manycolouredsky.org/facing-out.html]
[www.manycolouredsky.org/lgbtiq-community-impact-report.html]
[www.manycolouredsky.org/watr-overview.html]
[www.manycolouredsky.org/_/cdn.embedly.com/widgets/media422b.html]
[www.manycolouredsky.org/shop/black-rainbow-to-refuge-t-shirt.html]
[www.manycolouredsky.org/shop/black-rainbow-to-refuge-t-shirt-epmrw.html]
[www.manycolouredsky.org/ugandan.html]
[www.manycolouredsky.org/kenya.html]
[www.manycolouredsky.org/universal/svg/social-accounts.svg]
